<!DOCTYPE html>
<html>
<head>
    <meta http-equiv="Content-Type" content="text/html; charset=utf-8">
    <title>pylint.testutils.lint_module_test.LintModuleTest._get_expected</title>
    <meta http-equiv="X-UA-Compatible" content="IE=emulateIE7" />
<!--    <link rel="icon" sizes="32x32" href="favicon_32.png">-->
    <link rel="icon" href="data:image/svg+xml,<svg xmlns=%22http://www.w3.org/2000/svg%22 viewBox=%220 0 100 100%22><text y=%22.9em%22 font-size=%2290%22>&#128270;</text></svg>">
    <link rel="stylesheet" href="highlight.css" type="text/css">
</head>
<body class="pyfile">
<div id="source">
    <div class="highlight">
        <div id="header">
            <div class="content">
                <h1>Method: pylint.testutils.lint_module_test.LintModuleTest._get_expected</h1>
                <span>Calls: 785, </span>
                <span>Exceptions: 0, </span>
                <span>Paths: 2</span>
                <br><a href="index.html">Back</a>
            </div>
        </div>
            <p><b>Path 1</b>: 563 calls (0.72)</p>
                <p><button class="output"><span>&#8617; return</span></button> tuple (563) </p>
            <button class="run" title="lines run...">7 run</button>
            <button class="not_run" title="lines not run...">2 not run</button>
            <pre>
<span class="num"><a href="#1">1</a></span><span><span class="k">def</span> <span class="nf">_get_expected</span><span class="p">(</span><span class="bp">self</span><span class="p">)</span> <span class="o">-&gt;</span> <span class="nb">tuple</span><span class="p">[</span><span class="n">MessageCounter</span><span class="p">,</span> <span class="nb">list</span><span class="p">[</span><span class="n">OutputLine</span><span class="p">]]:</span></span>
<span class="num"><a href="#2">2</a></span><span class="full run">        <span class="k">with</span> <span class="bp">self</span><span class="o">.</span><span class="n">_open_source_file</span><span class="p">()</span> <span class="k">as</span> <span class="n">f</span><span class="p">:</span></span>
<span class="num"><a href="#3">3</a></span><span class="full run">            <span class="n">expected_msgs</span> <span class="o">=</span> <span class="bp">self</span><span class="o">.</span><span class="n">get_expected_messages</span><span class="p">(</span><span class="n">f</span><span class="p">)</span></span>
<span class="num"><a href="#4">4</a></span><span class="full run">        <span class="k">if</span> <span class="ow">not</span> <span class="n">expected_msgs</span><span class="p">:</span></span>
<span class="num"><a href="#5">5</a></span><span class="full not_run">            <span class="n">expected_msgs</span> <span class="o">=</span> <span class="n">Counter</span><span class="p">()</span></span>
<span class="num"><a href="#6">6</a></span><span class="full run">        <span class="k">with</span> <span class="bp">self</span><span class="o">.</span><span class="n">_open_expected_file</span><span class="p">()</span> <span class="k">as</span> <span class="n">f</span><span class="p">:</span></span>
<span class="num"><a href="#7">7</a></span><span class="full run">            <span class="n">expected_output_lines</span> <span class="o">=</span> <span class="p">[</span></span>
<span class="num"><a href="#8">8</a></span><span class="full not_run">                <span class="n">OutputLine</span><span class="o">.</span><span class="n">from_csv</span><span class="p">(</span><span class="n">row</span><span class="p">,</span> <span class="bp">self</span><span class="o">.</span><span class="n">_check_end_position</span><span class="p">)</span></span>
<span class="num"><a href="#9">9</a></span><span class="full run">                <span class="k">for</span> <span class="n">row</span> <span class="ow">in</span> <span class="n">csv</span><span class="o">.</span><span class="n">reader</span><span class="p">(</span><span class="n">f</span><span class="p">,</span> <span class="s2">&quot;test&quot;</span><span class="p">)</span></span>
<span class="num"><a href="#10">10</a></span><span>            <span class="p">]</span></span>
<span class="num"><a href="#11">11</a></span><span class="full run">        <span class="k">return</span> <span class="n">expected_msgs</span><span class="p">,</span> <span class="n">expected_output_lines</span></span>
            </pre>
            <p><b>Path 2</b>: 222 calls (0.28)</p>
                <p><button class="output"><span>&#8617; return</span></button> tuple (222) </p>
            <button class="run" title="lines run...">8 run</button>
            <button class="not_run" title="lines not run...">1 not run</button>
            <pre>
<span class="num"><a href="#1">1</a></span><span><span class="k">def</span> <span class="nf">_get_expected</span><span class="p">(</span><span class="bp">self</span><span class="p">)</span> <span class="o">-&gt;</span> <span class="nb">tuple</span><span class="p">[</span><span class="n">MessageCounter</span><span class="p">,</span> <span class="nb">list</span><span class="p">[</span><span class="n">OutputLine</span><span class="p">]]:</span></span>
<span class="num"><a href="#2">2</a></span><span class="full run">        <span class="k">with</span> <span class="bp">self</span><span class="o">.</span><span class="n">_open_source_file</span><span class="p">()</span> <span class="k">as</span> <span class="n">f</span><span class="p">:</span></span>
<span class="num"><a href="#3">3</a></span><span class="full run">            <span class="n">expected_msgs</span> <span class="o">=</span> <span class="bp">self</span><span class="o">.</span><span class="n">get_expected_messages</span><span class="p">(</span><span class="n">f</span><span class="p">)</span></span>
<span class="num"><a href="#4">4</a></span><span class="full run">        <span class="k">if</span> <span class="ow">not</span> <span class="n">expected_msgs</span><span class="p">:</span></span>
<span class="num"><a href="#5">5</a></span><span class="full run">            <span class="n">expected_msgs</span> <span class="o">=</span> <span class="n">Counter</span><span class="p">()</span></span>
<span class="num"><a href="#6">6</a></span><span class="full run">        <span class="k">with</span> <span class="bp">self</span><span class="o">.</span><span class="n">_open_expected_file</span><span class="p">()</span> <span class="k">as</span> <span class="n">f</span><span class="p">:</span></span>
<span class="num"><a href="#7">7</a></span><span class="full run">            <span class="n">expected_output_lines</span> <span class="o">=</span> <span class="p">[</span></span>
<span class="num"><a href="#8">8</a></span><span class="full not_run">                <span class="n">OutputLine</span><span class="o">.</span><span class="n">from_csv</span><span class="p">(</span><span class="n">row</span><span class="p">,</span> <span class="bp">self</span><span class="o">.</span><span class="n">_check_end_position</span><span class="p">)</span></span>
<span class="num"><a href="#9">9</a></span><span class="full run">                <span class="k">for</span> <span class="n">row</span> <span class="ow">in</span> <span class="n">csv</span><span class="o">.</span><span class="n">reader</span><span class="p">(</span><span class="n">f</span><span class="p">,</span> <span class="s2">&quot;test&quot;</span><span class="p">)</span></span>
<span class="num"><a href="#10">10</a></span><span>            <span class="p">]</span></span>
<span class="num"><a href="#11">11</a></span><span class="full run">        <span class="k">return</span> <span class="n">expected_msgs</span><span class="p">,</span> <span class="n">expected_output_lines</span></span>
            </pre>
    </div>
</div>
<i class="bi bi-arrow-down"></i>
</body>
</html>
