"pos","call_count","call_ratio","run_count","not_run_count"
"1","2426","0.43","6","10"
"2","2415","0.42","5","11"
"3","833","0.15","7","9"
"4","13","0.0","9","7"
"5","9","0.0","6","10"
"6","8","0.0","10","6"
"7","4","0.0","14","2"
