"pos","call_count","call_ratio","run_count","not_run_count"
"1","563","0.72","7","2"
"2","222","0.28","8","1"
